{"level":30,"time":"2026-09-27T05:25:25.761Z","service":"app-host","logger":"host","bind":"127.0.0.1:13010","mode":"managed","msg":"App host started"}
{"level":30,"time":"2026-09-27T05:25:26.059Z","service":"app-host","logger":"host","component":"artifact-resolver","appId":"demo","artifactKey":"releases/demo/0.0.1.tar.gz","artifactVersion":"0.0.1","artifactChecksum":"4d0135f35354f4e6bd0f1674909c9742d993060f8b025858bf14b2df6acd34cf","revisionDir":"/tmp/app-host-data-xJDhpq/app-deployments/demo/4d0135f35354f4e6bd0f1674909c9742d993060f8b025858bf14b2df6acd34cf","cacheHit":false,"checksumDurationMs":1,"extractDurationMs":63,"discoveryDurationMs":12,"durationMs":97,"msg":"Installed expanded app revision"}
{"level":30,"time":"2026-09-27T05:25:26.218Z","service":"app-host","logger":"host","component":"app-runtime","appId":"demo","factoryDurationMs":21,"backendDurationMs":10,"durationMs":31,"msg":"App runtime activation completed"}
{"level":30,"time":"2026-09-27T05:25:26.231Z","service":"app-host","logger":"host","appId":"demo","version":1,"basePath":"/demo","state":"draining","reason":"deployment demo stopped","activeRequests":0,"event":"app:draining","msg":"App runtime draining"}
{"level":30,"time":"2026-09-27T05:25:26.237Z","service":"app-host","logger":"host","appId":"demo","version":1,"basePath":"/demo","state":"destroyed","reason":"deployment demo stopped","event":"app:destroyed","msg":"App runtime destroyed"}
{"level":30,"time":"2026-09-27T05:25:26.252Z","service":"app-host","logger":"host","component":"app-runtime","appId":"demo","factoryDurationMs":2,"backendDurationMs":8,"durationMs":10,"msg":"App runtime activation completed"}
{"level":30,"time":"2026-09-27T05:25:26.286Z","service":"app-host","logger":"host","msg":"Shutting down app host"}
{"level":30,"time":"2026-09-27T05:25:26.288Z","service":"app-host","logger":"host","appId":"demo","version":2,"basePath":"/demo","state":"draining","reason":"host shutdown","activeRequests":0,"event":"app:draining","msg":"App runtime draining"}
{"level":30,"time":"2026-09-27T05:25:26.291Z","service":"app-host","logger":"host","appId":"demo","version":2,"basePath":"/demo","state":"destroyed","reason":"host shutdown","event":"app:destroyed","msg":"App runtime destroyed"}
{"level":30,"time":"2026-09-27T05:25:31.613Z","service":"app-host","logger":"host","bind":"127.0.0.1:13010","mode":"managed","msg":"App host started"}
{"level":30,"time":"2026-09-27T05:25:31.914Z","service":"app-host","logger":"host","component":"app-runtime","appId":"demo","factoryDurationMs":12,"backendDurationMs":21,"durationMs":33,"msg":"App runtime activation completed"}
{"level":30,"time":"2026-09-27T05:25:31.925Z","service":"app-host","logger":"host","appId":"demo","version":1,"basePath":"/demo","state":"draining","reason":"deployment demo removed","activeRequests":0,"event":"app:draining","msg":"App runtime draining"}
{"level":30,"time":"2026-09-27T05:25:31.937Z","service":"app-host","logger":"host","appId":"demo","version":1,"basePath":"/demo","state":"destroyed","reason":"deployment demo removed","event":"app:destroyed","msg":"App runtime destroyed"}
{"level":30,"time":"2026-09-27T05:25:31.996Z","service":"app-host","logger":"host","msg":"Shutting down app host"}
{"level":30,"time":"2026-09-27T05:25:37.999Z","service":"app-host","logger":"host","bind":"127.0.0.1:13010","mode":"managed","msg":"App host started"}
{"level":30,"time":"2026-09-27T05:25:38.346Z","service":"app-host","logger":"host","msg":"Shutting down app host"}
{"level":30,"time":"2026-09-27T05:25:42.904Z","service":"app-host","logger":"host","bind":"127.0.0.1:13010","mode":"managed","msg":"App host started"}
{"level":30,"time":"2026-09-27T05:25:43.300Z","service":"app-host","logger":"host","component":"artifact-resolver","appId":"demo","artifactKey":"releases/demo/0.0.1.tar.gz","artifactVersion":"0.0.1","artifactChecksum":"44a018b846ccaa6a24aeabf0d8b99c955c274b5778ce0f31b8c98913c3580be0","revisionDir":"/tmp/app-host-data-8DV2TG/app-deployments/demo/44a018b846ccaa6a24aeabf0d8b99c955c274b5778ce0f31b8c98913c3580be0","cacheHit":false,"checksumDurationMs":4,"extractDurationMs":57,"discoveryDurationMs":17,"durationMs":86,"msg":"Installed expanded app revision"}
{"level":30,"time":"2026-09-27T05:25:43.334Z","service":"app-host","logger":"host","component":"app-runtime","appId":"demo","factoryDurationMs":11,"backendDurationMs":8,"durationMs":19,"msg":"App runtime activation completed"}
{"level":30,"time":"2026-09-27T05:25:43.364Z","service":"app-host","logger":"host","appId":"demo","version":1,"basePath":"/demo","state":"draining","reason":"hub IPC disconnected","activeRequests":0,"event":"app:draining","msg":"App runtime draining"}
{"level":30,"time":"2026-09-27T05:25:43.367Z","service":"app-host","logger":"host","appId":"demo","version":1,"basePath":"/demo","state":"destroyed","reason":"hub IPC disconnected","event":"app:destroyed","msg":"App runtime destroyed"}
{"level":30,"time":"2026-09-27T05:25:47.655Z","service":"app-host","logger":"host","bind":"127.0.0.1:13010","mode":"managed","msg":"App host started"}
{"level":30,"time":"2026-09-27T05:25:47.819Z","service":"app-host","logger":"host","component":"app-runtime","appId":"demo","factoryDurationMs":11,"backendDurationMs":10,"durationMs":21,"msg":"App runtime activation completed"}
{"level":30,"time":"2026-09-27T05:25:47.879Z","service":"app-host","logger":"host","msg":"Shutting down app host"}
{"level":30,"time":"2026-09-27T05:25:47.881Z","service":"app-host","logger":"host","appId":"demo","version":1,"basePath":"/demo","state":"draining","reason":"host shutdown","activeRequests":0,"event":"app:draining","msg":"App runtime draining"}
{"level":30,"time":"2026-09-27T05:25:47.896Z","service":"app-host","logger":"host","appId":"demo","version":1,"basePath":"/demo","state":"destroyed","reason":"host shutdown","event":"app:destroyed","msg":"App runtime destroyed"}
