{"level":30,"time":"2026-09-28T08:36:54.996Z","service":"app-host","logger":"host","bind":"127.0.0.1:13010","mode":"managed","msg":"App host started"}
{"level":30,"time":"2026-09-28T08:36:55.316Z","service":"app-host","logger":"host","component":"artifact-resolver","appId":"demo","artifactKey":"releases/demo/0.0.1.tar.gz","artifactVersion":"0.0.1","artifactChecksum":"fdcfafca714ab26481c77c1f2a9a8d55e396af0181df3be1dc689ea0086b732b","revisionDir":"/tmp/app-host-data-L0BZ2A/app-deployments/demo/fdcfafca714ab26481c77c1f2a9a8d55e396af0181df3be1dc689ea0086b732b","cacheHit":false,"checksumDurationMs":1,"extractDurationMs":90,"discoveryDurationMs":35,"durationMs":145,"msg":"Installed expanded app revision"}
{"level":30,"time":"2026-09-28T08:36:55.376Z","service":"app-host","logger":"host","component":"app-runtime","appId":"demo","factoryDurationMs":15,"backendDurationMs":24,"durationMs":40,"msg":"App runtime activation completed"}
{"level":30,"time":"2026-09-28T08:36:55.391Z","service":"app-host","logger":"host","appId":"demo","version":1,"basePath":"/demo","state":"draining","reason":"deployment demo stopped","activeRequests":0,"event":"app:draining","msg":"App runtime draining"}
{"level":30,"time":"2026-09-28T08:36:55.392Z","service":"app-host","logger":"host","appId":"demo","version":1,"basePath":"/demo","state":"destroyed","reason":"deployment demo stopped","event":"app:destroyed","msg":"App runtime destroyed"}
{"level":30,"time":"2026-09-28T08:36:55.459Z","service":"app-host","logger":"host","component":"app-runtime","appId":"demo","factoryDurationMs":4,"backendDurationMs":11,"durationMs":15,"msg":"App runtime activation completed"}
{"level":30,"time":"2026-09-28T08:36:55.508Z","service":"app-host","logger":"host","msg":"Shutting down app host"}
{"level":30,"time":"2026-09-28T08:36:55.511Z","service":"app-host","logger":"host","appId":"demo","version":2,"basePath":"/demo","state":"draining","reason":"host shutdown","activeRequests":0,"event":"app:draining","msg":"App runtime draining"}
{"level":30,"time":"2026-09-28T08:36:55.512Z","service":"app-host","logger":"host","appId":"demo","version":2,"basePath":"/demo","state":"destroyed","reason":"host shutdown","event":"app:destroyed","msg":"App runtime destroyed"}
{"level":30,"time":"2026-09-28T08:36:59.317Z","service":"app-host","logger":"host","bind":"127.0.0.1:13010","mode":"managed","msg":"App host started"}
{"level":30,"time":"2026-09-28T08:36:59.534Z","service":"app-host","logger":"host","component":"app-runtime","appId":"demo","factoryDurationMs":12,"backendDurationMs":16,"durationMs":28,"msg":"App runtime activation completed"}
{"level":30,"time":"2026-09-28T08:36:59.547Z","service":"app-host","logger":"host","appId":"demo","version":1,"basePath":"/demo","state":"draining","reason":"deployment demo removed","activeRequests":0,"event":"app:draining","msg":"App runtime draining"}
{"level":30,"time":"2026-09-28T08:36:59.549Z","service":"app-host","logger":"host","appId":"demo","version":1,"basePath":"/demo","state":"destroyed","reason":"deployment demo removed","event":"app:destroyed","msg":"App runtime destroyed"}
{"level":30,"time":"2026-09-28T08:36:59.616Z","service":"app-host","logger":"host","msg":"Shutting down app host"}
{"level":30,"time":"2026-09-28T08:37:04.579Z","service":"app-host","logger":"host","bind":"127.0.0.1:13010","mode":"managed","msg":"App host started"}
{"level":30,"time":"2026-09-28T08:37:04.680Z","service":"app-host","logger":"host","msg":"Shutting down app host"}
{"level":30,"time":"2026-09-28T08:37:10.019Z","service":"app-host","logger":"host","bind":"127.0.0.1:13010","mode":"managed","msg":"App host started"}
{"level":30,"time":"2026-09-28T08:37:10.267Z","service":"app-host","logger":"host","component":"artifact-resolver","appId":"demo","artifactKey":"releases/demo/0.0.1.tar.gz","artifactVersion":"0.0.1","artifactChecksum":"fdcfafca714ab26481c77c1f2a9a8d55e396af0181df3be1dc689ea0086b732b","revisionDir":"/tmp/app-host-data-Uu69c6/app-deployments/demo/fdcfafca714ab26481c77c1f2a9a8d55e396af0181df3be1dc689ea0086b732b","cacheHit":false,"checksumDurationMs":7,"extractDurationMs":92,"discoveryDurationMs":14,"durationMs":127,"msg":"Installed expanded app revision"}
{"level":30,"time":"2026-09-28T08:37:10.317Z","service":"app-host","logger":"host","component":"app-runtime","appId":"demo","factoryDurationMs":18,"backendDurationMs":20,"durationMs":38,"msg":"App runtime activation completed"}
{"level":30,"time":"2026-09-28T08:37:10.356Z","service":"app-host","logger":"host","appId":"demo","version":1,"basePath":"/demo","state":"draining","reason":"hub IPC disconnected","activeRequests":0,"event":"app:draining","msg":"App runtime draining"}
{"level":30,"time":"2026-09-28T08:37:10.369Z","service":"app-host","logger":"host","appId":"demo","version":1,"basePath":"/demo","state":"destroyed","reason":"hub IPC disconnected","event":"app:destroyed","msg":"App runtime destroyed"}
{"level":30,"time":"2026-09-28T08:37:14.988Z","service":"app-host","logger":"host","bind":"127.0.0.1:13010","mode":"managed","msg":"App host started"}
{"level":30,"time":"2026-09-28T08:37:15.249Z","service":"app-host","logger":"host","component":"app-runtime","appId":"demo","factoryDurationMs":5,"backendDurationMs":7,"durationMs":14,"msg":"App runtime activation completed"}
{"level":30,"time":"2026-09-28T08:37:15.284Z","service":"app-host","logger":"host","msg":"Shutting down app host"}
{"level":30,"time":"2026-09-28T08:37:15.286Z","service":"app-host","logger":"host","appId":"demo","version":1,"basePath":"/demo","state":"draining","reason":"host shutdown","activeRequests":0,"event":"app:draining","msg":"App runtime draining"}
{"level":30,"time":"2026-09-28T08:37:15.301Z","service":"app-host","logger":"host","appId":"demo","version":1,"basePath":"/demo","state":"destroyed","reason":"host shutdown","event":"app:destroyed","msg":"App runtime destroyed"}
